nohup: ignoring input
Grid: 4 mass x 6 friction = 24 cells, 50 episodes each
Output: /opt/IsaacSim/FactoryBench/ur5/pick_and_place/sweeps/mass_friction_20260319_093854
Launching 4 parallel Isaac Sim workers...

  [w1] Starting (6 cells)...
  [w2] Starting (6 cells)...
  [w0] Starting (6 cells)...
  [w3] Starting (6 cells)...
  [w2] Ready (3.3s)
  [w2] [3/24] mass=[0.10-0.30]  fric=[0.80-1.00]
  [w1] Ready (3.3s)
  [w1] [2/24] mass=[0.10-0.30]  fric=[0.50-0.80]
  [w0] Ready (3.3s)
  [w0] [1/24] mass=[0.10-0.30]  fric=[0.30-0.50]
  [w3] Ready (3.2s)
  [w3] [4/24] mass=[0.10-0.30]  fric=[1.00-1.50]
  [w2]   ep   1/50  m=0.21 f=1.00 -> OK
  [w3]   ep   1/50  m=0.21 f=1.40 -> missed_bin
  [w1]   ep   1/50  m=0.29 f=0.79 -> OK
  [w0]   ep   1/50  m=0.24 f=0.30 -> OK
  [w2]   ep   2/50  m=0.20 f=0.95 -> OK
  [w1]   ep   2/50  m=0.12 f=0.60 -> OK
  [w0]   ep   2/50  m=0.26 f=0.34 -> OK
  [w3]   ep   2/50  m=0.21 f=1.38 -> OK
  [w2]   ep   3/50  m=0.15 f=0.84 -> OK
  [w1]   ep   3/50  m=0.17 f=0.64 -> OK
  [w0]   ep   3/50  m=0.19 f=0.32 -> OK
  [w3]   ep   3/50  m=0.21 f=1.04 -> missed_bin
  [w2]   ep   4/50  m=0.27 f=0.81 -> OK
  [w1]   ep   4/50  m=0.14 f=0.65 -> OK
  [w0]   ep   4/50  m=0.14 f=0.31 -> OK
  [w3]   ep   4/50  m=0.11 f=1.26 -> OK
  [w2]   ep   5/50  m=0.14 f=0.91 -> OK
  [w1]   ep   5/50  m=0.26 f=0.69 -> OK
  [w0]   ep   5/50  m=0.14 f=0.30 -> OK
  [w3]   ep   5/50  m=0.17 f=1.40 -> missed_bin
  [w2]   ep   6/50  m=0.15 f=0.98 -> OK
  [w1]   ep   6/50  m=0.13 f=0.63 -> OK
  [w0]   ep   6/50  m=0.19 f=0.32 -> OK
  [w3]   ep   6/50  m=0.11 f=1.26 -> OK
  [w2]   ep   7/50  m=0.10 f=0.88 -> OK
  [w1]   ep   7/50  m=0.25 f=0.56 -> OK
  [w0]   ep   7/50  m=0.20 f=0.48 -> OK
  [w3]   ep   7/50  m=0.27 f=1.48 -> OK
  [w2]   ep   8/50  m=0.15 f=0.88 -> missed_bin
  [w1]   ep   8/50  m=0.18 f=0.62 -> OK
  [w0]   ep   8/50  m=0.28 f=0.36 -> missed_bin
  [w3]   ep   8/50  m=0.24 f=1.44 -> OK
  [w2]   ep   9/50  m=0.11 f=0.85 -> OK
  [w1]   ep   9/50  m=0.16 f=0.75 -> OK
  [w0]   ep   9/50  m=0.16 f=0.40 -> OK
  [w3]   ep   9/50  m=0.23 f=1.26 -> missed_bin
  [w2]   ep  10/50  m=0.29 f=0.82 -> OK
  [w1]   ep  10/50  m=0.21 f=0.50 -> OK
  [w0]   ep  10/50  m=0.20 f=0.50 -> OK
  [w3]   ep  10/50  m=0.16 f=1.17 -> missed_bin
  [w2]   ep  11/50  m=0.11 f=0.95 -> missed_bin
  [w1]   ep  11/50  m=0.14 f=0.55 -> OK
  [w0]   ep  11/50  m=0.14 f=0.31 -> OK
  [w3]   ep  11/50  m=0.26 f=1.24 -> OK
  [w2]   ep  12/50  m=0.29 f=0.97 -> OK
  [w1]   ep  12/50  m=0.28 f=0.52 -> OK
  [w0]   ep  12/50  m=0.23 f=0.46 -> OK
  [w3]   ep  12/50  m=0.15 f=1.04 -> OK
  [w2]   ep  13/50  m=0.28 f=0.93 -> missed_bin
  [w1]   ep  13/50  m=0.11 f=0.64 -> OK
  [w0]   ep  13/50  m=0.26 f=0.43 -> OK
  [w3]   ep  13/50  m=0.12 f=1.24 -> OK
  [w2]   ep  14/50  m=0.14 f=0.89 -> missed_bin
  [w1]   ep  14/50  m=0.20 f=0.56 -> OK
  [w0]   ep  14/50  m=0.21 f=0.32 -> OK
  [w3]   ep  14/50  m=0.16 f=1.40 -> OK
  [w2]   ep  15/50  m=0.17 f=0.80 -> OK
  [w1]   ep  15/50  m=0.20 f=0.59 -> OK
  [w0]   ep  15/50  m=0.24 f=0.36 -> OK
  [w3]   ep  15/50  m=0.26 f=1.20 -> OK
  [w1]   ep  16/50  m=0.29 f=0.67 -> OK
  [w2]   ep  16/50  m=0.20 f=0.93 -> OK
  [w0]   ep  16/50  m=0.16 f=0.33 -> OK
  [w3]   ep  16/50  m=0.17 f=1.24 -> OK
  [w1]   ep  17/50  m=0.24 f=0.73 -> OK
  [w2]   ep  17/50  m=0.25 f=0.98 -> OK
  [w0]   ep  17/50  m=0.24 f=0.37 -> OK
  [w3]   ep  17/50  m=0.25 f=1.19 -> OK
  [w1]   ep  18/50  m=0.11 f=0.59 -> OK
  [w2]   ep  18/50  m=0.17 f=0.82 -> OK
  [w0]   ep  18/50  m=0.11 f=0.39 -> OK
  [w3]   ep  18/50  m=0.20 f=1.44 -> missed_bin
  [w1]   ep  19/50  m=0.17 f=0.67 -> missed_bin
  [w2]   ep  19/50  m=0.18 f=0.88 -> OK
  [w0]   ep  19/50  m=0.12 f=0.31 -> OK
  [w3]   ep  19/50  m=0.16 f=1.37 -> missed_bin
  [w1]   ep  20/50  m=0.26 f=0.78 -> OK
  [w2]   ep  20/50  m=0.23 f=0.81 -> missed_bin
  [w0]   ep  20/50  m=0.13 f=0.33 -> OK
  [w3]   ep  20/50  m=0.19 f=1.33 -> OK
  [w1]   ep  21/50  m=0.30 f=0.64 -> missed_bin
  [w2]   ep  21/50  m=0.21 f=0.97 -> missed_bin
  [w0]   ep  21/50  m=0.25 f=0.30 -> OK
  [w3]   ep  21/50  m=0.30 f=1.08 -> OK
  [w1]   ep  22/50  m=0.16 f=0.53 -> OK
  [w2]   ep  22/50  m=0.24 f=0.98 -> OK
  [w0]   ep  22/50  m=0.23 f=0.40 -> OK
  [w3]   ep  22/50  m=0.16 f=1.38 -> OK
  [w1]   ep  23/50  m=0.28 f=0.67 -> OK
  [w2]   ep  23/50  m=0.19 f=0.81 -> OK
  [w0]   ep  23/50  m=0.21 f=0.49 -> missed_bin
  [w3]   ep  23/50  m=0.27 f=1.26 -> missed_bin
  [w1]   ep  24/50  m=0.13 f=0.64 -> OK
  [w2]   ep  24/50  m=0.21 f=0.82 -> OK
  [w0]   ep  24/50  m=0.26 f=0.36 -> OK
  [w3]   ep  24/50  m=0.28 f=1.18 -> missed_bin
  [w1]   ep  25/50  m=0.28 f=0.59 -> missed_bin
  [w2]   ep  25/50  m=0.16 f=0.91 -> OK
  [w0]   ep  25/50  m=0.25 f=0.32 -> OK
  [w3]   ep  25/50  m=0.11 f=1.33 -> missed_bin
  [w1]   ep  26/50  m=0.11 f=0.57 -> OK
  [w2]   ep  26/50  m=0.15 f=0.86 -> OK
  [w0]   ep  26/50  m=0.19 f=0.36 -> missed_bin
  [w3]   ep  26/50  m=0.14 f=1.31 -> missed_bin
  [w1]   ep  27/50  m=0.25 f=0.69 -> OK
  [w2]   ep  27/50  m=0.20 f=0.99 -> OK
  [w0]   ep  27/50  m=0.12 f=0.33 -> missed_bin
  [w3]   ep  27/50  m=0.30 f=1.31 -> missed_bin
  [w1]   ep  28/50  m=0.15 f=0.68 -> OK
  [w2]   ep  28/50  m=0.24 f=0.86 -> OK
  [w0]   ep  28/50  m=0.29 f=0.50 -> OK
  [w3]   ep  28/50  m=0.21 f=1.11 -> OK
  [w1]   ep  29/50  m=0.16 f=0.77 -> OK
  [w2]   ep  29/50  m=0.28 f=0.82 -> OK
  [w0]   ep  29/50  m=0.12 f=0.32 -> OK
  [w3]   ep  29/50  m=0.30 f=1.01 -> OK
  [w1]   ep  30/50  m=0.23 f=0.65 -> missed_bin
  [w2]   ep  30/50  m=0.23 f=0.87 -> OK
  [w0]   ep  30/50  m=0.30 f=0.31 -> OK
  [w3]   ep  30/50  m=0.12 f=1.14 -> OK
  [w1]   ep  31/50  m=0.26 f=0.70 -> OK
  [w2]   ep  31/50  m=0.20 f=0.80 -> OK
  [w0]   ep  31/50  m=0.28 f=0.39 -> OK
  [w3]   ep  31/50  m=0.19 f=1.09 -> OK
  [w1]   ep  32/50  m=0.22 f=0.72 -> OK
  [w2]   ep  32/50  m=0.26 f=0.91 -> OK
  [w0]   ep  32/50  m=0.13 f=0.48 -> OK
  [w3]   ep  32/50  m=0.18 f=1.16 -> missed_bin
  [w1]   ep  33/50  m=0.27 f=0.71 -> OK
  [w2]   ep  33/50  m=0.26 f=0.85 -> OK
  [w0]   ep  33/50  m=0.18 f=0.49 -> OK
  [w3]   ep  33/50  m=0.21 f=1.34 -> OK
  [w1]   ep  34/50  m=0.18 f=0.55 -> OK
  [w2]   ep  34/50  m=0.15 f=0.92 -> missed_bin
  [w0]   ep  34/50  m=0.15 f=0.39 -> OK
  [w3]   ep  34/50  m=0.18 f=1.14 -> OK
  [w1]   ep  35/50  m=0.11 f=0.79 -> OK
  [w2]   ep  35/50  m=0.30 f=0.96 -> OK
  [w0]   ep  35/50  m=0.27 f=0.41 -> missed_bin
  [w3]   ep  35/50  m=0.25 f=1.39 -> missed_bin
  [w1]   ep  36/50  m=0.25 f=0.67 -> OK
  [w2]   ep  36/50  m=0.11 f=0.92 -> OK
  [w0]   ep  36/50  m=0.17 f=0.40 -> OK
  [w3]   ep  36/50  m=0.23 f=1.20 -> missed_bin
  [w1]   ep  37/50  m=0.26 f=0.67 -> missed_bin
  [w2]   ep  37/50  m=0.11 f=0.98 -> OK
  [w0]   ep  37/50  m=0.17 f=0.43 -> OK
  [w3]   ep  37/50  m=0.13 f=1.45 -> missed_bin
  [w1]   ep  38/50  m=0.15 f=0.71 -> OK
  [w2]   ep  38/50  m=0.25 f=0.90 -> missed_bin
  [w0]   ep  38/50  m=0.12 f=0.32 -> OK
  [w3]   ep  38/50  m=0.29 f=1.42 -> missed_bin
  [w1]   ep  39/50  m=0.20 f=0.77 -> OK
  [w2]   ep  39/50  m=0.12 f=0.84 -> OK
  [w0]   ep  39/50  m=0.16 f=0.46 -> missed_bin
  [w3]   ep  39/50  m=0.20 f=1.01 -> OK
  [w1]   ep  40/50  m=0.28 f=0.55 -> OK
  [w2]   ep  40/50  m=0.22 f=0.90 -> missed_bin
  [w0]   ep  40/50  m=0.21 f=0.32 -> OK
  [w3]   ep  40/50  m=0.23 f=1.03 -> OK
  [w1]   ep  41/50  m=0.15 f=0.67 -> OK
  [w2]   ep  41/50  m=0.29 f=0.81 -> missed_bin
  [w0]   ep  41/50  m=0.24 f=0.46 -> OK
  [w3]   ep  41/50  m=0.18 f=1.04 -> OK
  [w1]   ep  42/50  m=0.29 f=0.60 -> missed_bin
  [w2]   ep  42/50  m=0.22 f=0.89 -> OK
  [w0]   ep  42/50  m=0.15 f=0.32 -> OK
  [w3]   ep  42/50  m=0.24 f=1.01 -> OK
  [w1]   ep  43/50  m=0.21 f=0.62 -> OK
  [w2]   ep  43/50  m=0.26 f=0.95 -> OK
  [w0]   ep  43/50  m=0.18 f=0.49 -> OK
  [w3]   ep  43/50  m=0.13 f=1.03 -> OK
  [w1]   ep  44/50  m=0.16 f=0.53 -> OK
  [w2]   ep  44/50  m=0.23 f=0.97 -> OK
  [w0]   ep  44/50  m=0.15 f=0.32 -> OK
  [w3]   ep  44/50  m=0.25 f=1.00 -> OK
  [w1]   ep  45/50  m=0.25 f=0.73 -> OK
  [w2]   ep  45/50  m=0.18 f=0.81 -> OK
  [w0]   ep  45/50  m=0.26 f=0.35 -> OK
  [w3]   ep  45/50  m=0.18 f=1.30 -> OK
  [w1]   ep  46/50  m=0.26 f=0.52 -> missed_bin
  [w2]   ep  46/50  m=0.23 f=0.83 -> missed_bin
  [w0]   ep  46/50  m=0.25 f=0.41 -> missed_bin
  [w3]   ep  46/50  m=0.28 f=1.14 -> OK
  [w1]   ep  47/50  m=0.12 f=0.57 -> OK
  [w2]   ep  47/50  m=0.18 f=0.82 -> OK
  [w0]   ep  47/50  m=0.26 f=0.39 -> OK
  [w3]   ep  47/50  m=0.30 f=1.30 -> OK
  [w1]   ep  48/50  m=0.11 f=0.51 -> OK
  [w2]   ep  48/50  m=0.10 f=0.84 -> OK
  [w0]   ep  48/50  m=0.17 f=0.33 -> OK
  [w3]   ep  48/50  m=0.21 f=1.35 -> OK
  [w1]   ep  49/50  m=0.25 f=0.50 -> OK
  [w2]   ep  49/50  m=0.15 f=0.97 -> OK
  [w0]   ep  49/50  m=0.28 f=0.37 -> OK
  [w3]   ep  49/50  m=0.20 f=1.15 -> missed_bin
  [w1]   ep  50/50  m=0.11 f=0.51 -> OK
  [w1]   => 43/50 = 86.0%  (339.2s)
  [w1] [6/24] mass=[0.10-0.30]  fric=[2.00-3.00]
  [w2]   ep  50/50  m=0.25 f=0.95 -> OK
  [w2]   => 39/50 = 78.0%  (341.3s)
  [w2] [7/24] mass=[0.30-0.50]  fric=[0.30-0.50]
  [w0]   ep  50/50  m=0.28 f=0.42 -> OK
  [w0]   => 43/50 = 86.0%  (340.8s)
  [w0] [5/24] mass=[0.10-0.30]  fric=[1.50-2.00]
  [w3]   ep  50/50  m=0.25 f=1.31 -> missed_bin
  [w3]   => 31/50 = 62.0%  (341.5s)
  [w3] [8/24] mass=[0.30-0.50]  fric=[0.50-0.80]
  [w1]   ep   1/50  m=0.23 f=2.02 -> missed_bin
  [w2]   ep   1/50  m=0.43 f=0.36 -> OK
  [w0]   ep   1/50  m=0.14 f=1.62 -> OK
  [w3]   ep   1/50  m=0.47 f=0.53 -> OK
  [w1]   ep   2/50  m=0.21 f=2.10 -> OK
  [w2]   ep   2/50  m=0.30 f=0.34 -> OK
  [w0]   ep   2/50  m=0.17 f=1.55 -> OK
  [w3]   ep   2/50  m=0.42 f=0.76 -> OK
  [w1]   ep   3/50  m=0.14 f=2.86 -> missed_bin
  [w2]   ep   3/50  m=0.50 f=0.32 -> missed_bin
  [w0]   ep   3/50  m=0.16 f=1.63 -> OK
  [w3]   ep   3/50  m=0.49 f=0.59 -> OK
  [w1]   ep   4/50  m=0.23 f=2.57 -> OK
  [w2]   ep   4/50  m=0.45 f=0.44 -> missed_bin
  [w0]   ep   4/50  m=0.14 f=1.56 -> OK
  [w3]   ep   4/50  m=0.41 f=0.57 -> OK
  [w1]   ep   5/50  m=0.13 f=2.22 -> OK
  [w2]   ep   5/50  m=0.44 f=0.49 -> OK
  [w0]   ep   5/50  m=0.29 f=1.64 -> OK
  [w3]   ep   5/50  m=0.46 f=0.51 -> OK
  [w1]   ep   6/50  m=0.27 f=2.09 -> OK
  [w2]   ep   6/50  m=0.47 f=0.36 -> OK
  [w0]   ep   6/50  m=0.15 f=1.70 -> missed_bin
  [w3]   ep   6/50  m=0.41 f=0.62 -> OK
  [w1]   ep   7/50  m=0.22 f=2.36 -> missed_bin
  [w2]   ep   7/50  m=0.41 f=0.37 -> missed_bin
  [w0]   ep   7/50  m=0.29 f=1.59 -> missed_bin
  [w3]   ep   7/50  m=0.31 f=0.60 -> OK
  [w1]   ep   8/50  m=0.27 f=2.71 -> OK
  [w2]   ep   8/50  m=0.49 f=0.50 -> OK
  [w0]   ep   8/50  m=0.15 f=1.82 -> OK
  [w3]   ep   8/50  m=0.31 f=0.54 -> OK
  [w1]   ep   9/50  m=0.22 f=2.53 -> missed_bin
  [w2]   ep   9/50  m=0.36 f=0.50 -> OK
  [w0]   ep   9/50  m=0.21 f=1.52 -> missed_bin
  [w3]   ep   9/50  m=0.33 f=0.70 -> missed_bin
  [w1]   ep  10/50  m=0.19 f=2.09 -> OK
  [w2]   ep  10/50  m=0.37 f=0.47 -> missed_bin
  [w0]   ep  10/50  m=0.15 f=1.85 -> OK
  [w3]   ep  10/50  m=0.33 f=0.70 -> missed_bin
  [w1]   ep  11/50  m=0.24 f=2.42 -> missed_bin
  [w2]   ep  11/50  m=0.48 f=0.30 -> missed_bin
  [w0]   ep  11/50  m=0.13 f=1.98 -> missed_bin
  [w3]   ep  11/50  m=0.32 f=0.63 -> OK
  [w1]   ep  12/50  m=0.18 f=2.96 -> missed_bin
  [w2]   ep  12/50  m=0.41 f=0.48 -> OK
  [w0]   ep  12/50  m=0.24 f=1.71 -> OK
  [w3]   ep  12/50  m=0.30 f=0.51 -> OK
  [w1]   ep  13/50  m=0.16 f=2.54 -> missed_bin
  [w2]   ep  13/50  m=0.38 f=0.44 -> OK
  [w0]   ep  13/50  m=0.26 f=1.75 -> missed_bin
  [w3]   ep  13/50  m=0.31 f=0.60 -> OK
  [w2]   ep  14/50  m=0.38 f=0.46 -> OK
  [w1]   ep  14/50  m=0.20 f=2.07 -> missed_bin
  [w0]   ep  14/50  m=0.16 f=1.53 -> OK
  [w3]   ep  14/50  m=0.42 f=0.53 -> OK
  [w2]   ep  15/50  m=0.46 f=0.35 -> OK
  [w1]   ep  15/50  m=0.15 f=2.71 -> missed_bin
  [w0]   ep  15/50  m=0.29 f=1.74 -> missed_bin
  [w3]   ep  15/50  m=0.44 f=0.64 -> OK
  [w2]   ep  16/50  m=0.33 f=0.39 -> OK
  [w1]   ep  16/50  m=0.23 f=2.72 -> missed_bin
  [w0]   ep  16/50  m=0.13 f=1.95 -> missed_bin
  [w3]   ep  16/50  m=0.43 f=0.66 -> missed_bin
  [w2]   ep  17/50  m=0.43 f=0.46 -> OK
  [w1]   ep  17/50  m=0.24 f=2.69 -> OK
  [w0]   ep  17/50  m=0.21 f=1.98 -> OK
  [w3]   ep  17/50  m=0.36 f=0.69 -> OK
  [w2]   ep  18/50  m=0.46 f=0.31 -> OK
  [w1]   ep  18/50  m=0.23 f=2.21 -> OK
  [w0]   ep  18/50  m=0.15 f=1.83 -> OK
  [w3]   ep  18/50  m=0.33 f=0.62 -> OK
  [w2]   ep  19/50  m=0.46 f=0.42 -> missed_bin
  [w1]   ep  19/50  m=0.19 f=2.64 -> missed_bin
  [w0]   ep  19/50  m=0.24 f=1.60 -> OK
  [w3]   ep  19/50  m=0.35 f=0.75 -> missed_bin
  [w2]   ep  20/50  m=0.39 f=0.38 -> OK
  [w1]   ep  20/50  m=0.18 f=2.14 -> OK
  [w0]   ep  20/50  m=0.17 f=1.76 -> missed_bin
  [w3]   ep  20/50  m=0.36 f=0.58 -> OK
  [w2]   ep  21/50  m=0.41 f=0.38 -> OK
  [w1]   ep  21/50  m=0.22 f=2.16 -> OK
  [w0]   ep  21/50  m=0.11 f=1.72 -> missed_bin
  [w3]   ep  21/50  m=0.40 f=0.65 -> OK
  [w2]   ep  22/50  m=0.38 f=0.32 -> OK
  [w1]   ep  22/50  m=0.28 f=2.93 -> missed_bin
  [w0]   ep  22/50  m=0.18 f=1.67 -> OK
  [w3]   ep  22/50  m=0.48 f=0.79 -> OK
  [w2]   ep  23/50  m=0.33 f=0.39 -> OK
  [w1]   ep  23/50  m=0.18 f=2.54 -> missed_bin
  [w0]   ep  23/50  m=0.28 f=1.71 -> OK
  [w3]   ep  23/50  m=0.34 f=0.59 -> OK
  [w2]   ep  24/50  m=0.39 f=0.48 -> OK
  [w1]   ep  24/50  m=0.11 f=2.29 -> OK
  [w0]   ep  24/50  m=0.16 f=1.66 -> missed_bin
  [w3]   ep  24/50  m=0.41 f=0.62 -> OK
  [w2]   ep  25/50  m=0.39 f=0.31 -> OK
  [w1]   ep  25/50  m=0.16 f=2.47 -> OK
  [w0]   ep  25/50  m=0.19 f=1.60 -> OK
  [w3]   ep  25/50  m=0.43 f=0.56 -> OK
  [w2]   ep  26/50  m=0.31 f=0.44 -> OK
  [w1]   ep  26/50  m=0.17 f=2.72 -> missed_bin
  [w0]   ep  26/50  m=0.29 f=1.54 -> OK
  [w3]   ep  26/50  m=0.48 f=0.53 -> OK
  [w2]   ep  27/50  m=0.47 f=0.30 -> OK
  [w1]   ep  27/50  m=0.13 f=2.20 -> OK
  [w0]   ep  27/50  m=0.20 f=1.89 -> OK
  [w3]   ep  27/50  m=0.39 f=0.75 -> OK
  [w2]   ep  28/50  m=0.33 f=0.47 -> OK
  [w1]   ep  28/50  m=0.19 f=2.16 -> missed_bin
  [w0]   ep  28/50  m=0.19 f=1.73 -> missed_bin
  [w3]   ep  28/50  m=0.31 f=0.77 -> OK
  [w2]   ep  29/50  m=0.43 f=0.31 -> OK
  [w1]   ep  29/50  m=0.12 f=2.77 -> OK
  [w0]   ep  29/50  m=0.19 f=1.82 -> OK
  [w3]   ep  29/50  m=0.43 f=0.52 -> OK
  [w2]   ep  30/50  m=0.43 f=0.41 -> OK
  [w1]   ep  30/50  m=0.24 f=2.75 -> OK
  [w0]   ep  30/50  m=0.13 f=1.77 -> OK
  [w3]   ep  30/50  m=0.50 f=0.67 -> missed_bin
  [w2]   ep  31/50  m=0.44 f=0.46 -> OK
  [w1]   ep  31/50  m=0.21 f=2.41 -> missed_bin
  [w0]   ep  31/50  m=0.26 f=1.92 -> OK
  [w3]   ep  31/50  m=0.37 f=0.68 -> OK
  [w2]   ep  32/50  m=0.49 f=0.40 -> OK
  [w1]   ep  32/50  m=0.21 f=2.65 -> missed_bin
  [w0]   ep  32/50  m=0.12 f=1.61 -> OK
  [w3]   ep  32/50  m=0.31 f=0.77 -> OK
  [w2]   ep  33/50  m=0.36 f=0.43 -> missed_bin
  [w1]   ep  33/50  m=0.14 f=2.09 -> OK
  [w0]   ep  33/50  m=0.14 f=1.76 -> OK
  [w3]   ep  33/50  m=0.47 f=0.55 -> OK
  [w2]   ep  34/50  m=0.46 f=0.49 -> OK
  [w1]   ep  34/50  m=0.25 f=2.88 -> OK
  [w0]   ep  34/50  m=0.20 f=1.64 -> OK
  [w3]   ep  34/50  m=0.39 f=0.60 -> OK
  [w2]   ep  35/50  m=0.39 f=0.49 -> OK
  [w1]   ep  35/50  m=0.24 f=2.96 -> missed_bin
  [w0]   ep  35/50  m=0.21 f=1.96 -> OK
  [w3]   ep  35/50  m=0.34 f=0.67 -> OK
  [w2]   ep  36/50  m=0.49 f=0.43 -> missed_bin
  [w1]   ep  36/50  m=0.28 f=2.04 -> OK
  [w0]   ep  36/50  m=0.13 f=1.71 -> OK
  [w3]   ep  36/50  m=0.32 f=0.52 -> missed_bin
  [w2]   ep  37/50  m=0.37 f=0.36 -> OK
  [w1]   ep  37/50  m=0.28 f=2.80 -> missed_bin
  [w0]   ep  37/50  m=0.23 f=1.61 -> OK
  [w3]   ep  37/50  m=0.41 f=0.58 -> OK
  [w2]   ep  38/50  m=0.46 f=0.46 -> OK
  [w1]   ep  38/50  m=0.14 f=2.95 -> OK
  [w0]   ep  38/50  m=0.14 f=1.68 -> OK
  [w3]   ep  38/50  m=0.35 f=0.62 -> OK
  [w2]   ep  39/50  m=0.42 f=0.35 -> missed_bin
  [w1]   ep  39/50  m=0.24 f=2.50 -> missed_bin
  [w0]   ep  39/50  m=0.10 f=1.93 -> OK
  [w3]   ep  39/50  m=0.37 f=0.65 -> OK
  [w2]   ep  40/50  m=0.37 f=0.38 -> OK
  [w1]   ep  40/50  m=0.23 f=2.83 -> OK
  [w0]   ep  40/50  m=0.28 f=1.60 -> OK
  [w3]   ep  40/50  m=0.48 f=0.77 -> OK
  [w2]   ep  41/50  m=0.34 f=0.37 -> OK
  [w1]   ep  41/50  m=0.18 f=2.49 -> missed_bin
  [w0]   ep  41/50  m=0.10 f=1.79 -> OK
  [w3]   ep  41/50  m=0.33 f=0.65 -> OK
  [w2]   ep  42/50  m=0.45 f=0.42 -> OK
  [w1]   ep  42/50  m=0.27 f=2.88 -> missed_bin
  [w0]   ep  42/50  m=0.13 f=1.63 -> OK
  [w3]   ep  42/50  m=0.43 f=0.59 -> OK
  [w2]   ep  43/50  m=0.38 f=0.35 -> OK
  [w1]   ep  43/50  m=0.16 f=2.33 -> missed_bin
  [w0]   ep  43/50  m=0.14 f=1.78 -> OK
  [w3]   ep  43/50  m=0.48 f=0.58 -> missed_bin
  [w2]   ep  44/50  m=0.31 f=0.37 -> OK
  [w1]   ep  44/50  m=0.26 f=2.25 -> OK
  [w0]   ep  44/50  m=0.24 f=1.91 -> OK
  [w3]   ep  44/50  m=0.46 f=0.59 -> missed_bin
  [w2]   ep  45/50  m=0.31 f=0.42 -> missed_bin
  [w1]   ep  45/50  m=0.24 f=2.76 -> missed_bin
  [w0]   ep  45/50  m=0.19 f=1.52 -> missed_bin
  [w3]   ep  45/50  m=0.35 f=0.64 -> OK
  [w2]   ep  46/50  m=0.30 f=0.50 -> OK
  [w1]   ep  46/50  m=0.14 f=2.48 -> OK
  [w0]   ep  46/50  m=0.15 f=1.80 -> missed_bin
  [w3]   ep  46/50  m=0.40 f=0.53 -> OK
  [w2]   ep  47/50  m=0.35 f=0.47 -> OK
  [w1]   ep  47/50  m=0.12 f=2.88 -> OK
  [w0]   ep  47/50  m=0.27 f=1.56 -> OK
  [w3]   ep  47/50  m=0.32 f=0.54 -> OK
  [w2]   ep  48/50  m=0.40 f=0.45 -> OK
  [w1]   ep  48/50  m=0.16 f=2.56 -> missed_bin
  [w0]   ep  48/50  m=0.22 f=1.78 -> missed_bin
  [w3]   ep  48/50  m=0.39 f=0.69 -> OK
  [w2]   ep  49/50  m=0.35 f=0.39 -> OK
  [w0]   ep  49/50  m=0.29 f=1.54 -> missed_bin
  [w1]   ep  49/50  m=0.21 f=2.31 -> missed_bin
  [w3]   ep  49/50  m=0.48 f=0.64 -> OK
  [w2]   ep  50/50  m=0.49 f=0.43 -> missed_bin
  [w2]   => 39/50 = 78.0%  (343.8s)
  [w2] [11/24] mass=[0.30-0.50]  fric=[1.50-2.00]
  [w0]   ep  50/50  m=0.20 f=1.86 -> OK
  [w0]   => 35/50 = 70.0%  (343.4s)
  [w0] [9/24] mass=[0.30-0.50]  fric=[0.80-1.00]
  [w1]   ep  50/50  m=0.28 f=2.33 -> OK
  [w1]   => 24/50 = 48.0%  (345.3s)
  [w1] [10/24] mass=[0.30-0.50]  fric=[1.00-1.50]
  [w3]   ep  50/50  m=0.42 f=0.67 -> missed_bin
  [w3]   => 41/50 = 82.0%  (344.2s)
  [w3] [12/24] mass=[0.30-0.50]  fric=[2.00-3.00]
  [w2]   ep   1/50  m=0.35 f=1.83 -> OK
  [w0]   ep   1/50  m=0.34 f=0.88 -> OK
  [w1]   ep   1/50  m=0.33 f=1.38 -> missed_bin
  [w3]   ep   1/50  m=0.50 f=2.46 -> OK
  [w2]   ep   2/50  m=0.40 f=1.74 -> missed_bin
  [w0]   ep   2/50  m=0.45 f=0.92 -> missed_bin
  [w1]   ep   2/50  m=0.48 f=1.24 -> OK
  [w3]   ep   2/50  m=0.38 f=2.41 -> OK
  [w2]   ep   3/50  m=0.43 f=1.59 -> OK
  [w0]   ep   3/50  m=0.48 f=0.91 -> missed_bin
  [w1]   ep   3/50  m=0.31 f=1.24 -> missed_bin
  [w3]   ep   3/50  m=0.33 f=2.24 -> OK
  [w2]   ep   4/50  m=0.31 f=1.51 -> OK
  [w0]   ep   4/50  m=0.40 f=0.91 -> OK
  [w1]   ep   4/50  m=0.46 f=1.08 -> OK
  [w3]   ep   4/50  m=0.36 f=2.76 -> missed_bin
  [w2]   ep   5/50  m=0.35 f=1.56 -> missed_bin
  [w0]   ep   5/50  m=0.41 f=0.98 -> OK
  [w1]   ep   5/50  m=0.42 f=1.27 -> OK
  [w3]   ep   5/50  m=0.39 f=2.64 -> OK
  [w2]   ep   6/50  m=0.50 f=1.95 -> missed_bin
  [w0]   ep   6/50  m=0.41 f=0.87 -> OK
  [w1]   ep   6/50  m=0.44 f=1.16 -> OK
  [w3]   ep   6/50  m=0.34 f=2.87 -> OK
  [w2]   ep   7/50  m=0.41 f=1.51 -> missed_bin
  [w1]   ep   7/50  m=0.36 f=1.11 -> OK
  [w0]   ep   7/50  m=0.48 f=0.96 -> missed_bin
  [w3]   ep   7/50  m=0.31 f=2.37 -> OK
  [w2]   ep   8/50  m=0.34 f=1.58 -> OK
  [w1]   ep   8/50  m=0.47 f=1.21 -> missed_bin
  [w0]   ep   8/50  m=0.44 f=0.87 -> missed_bin
  [w3]   ep   8/50  m=0.35 f=2.37 -> missed_bin
  [w2]   ep   9/50  m=0.48 f=1.92 -> missed_bin
  [w1]   ep   9/50  m=0.46 f=1.21 -> missed_bin
  [w0]   ep   9/50  m=0.32 f=0.83 -> OK
  [w3]   ep   9/50  m=0.47 f=2.26 -> missed_bin
  [w2]   ep  10/50  m=0.41 f=1.50 -> OK
  [w1]   ep  10/50  m=0.33 f=1.09 -> OK
  [w0]   ep  10/50  m=0.46 f=0.98 -> missed_bin
  [w3]   ep  10/50  m=0.39 f=2.22 -> missed_bin
  [w2]   ep  11/50  m=0.40 f=1.58 -> OK
  [w1]   ep  11/50  m=0.34 f=1.20 -> OK
  [w0]   ep  11/50  m=0.36 f=0.87 -> OK
  [w3]   ep  11/50  m=0.47 f=2.80 -> OK
  [w2]   ep  12/50  m=0.37 f=1.76 -> OK
  [w1]   ep  12/50  m=0.44 f=1.37 -> OK
  [w0]   ep  12/50  m=0.49 f=0.93 -> OK
  [w3]   ep  12/50  m=0.46 f=2.25 -> missed_bin
  [w2]   ep  13/50  m=0.46 f=1.73 -> missed_bin
  [w1]   ep  13/50  m=0.43 f=1.12 -> OK
  [w0]   ep  13/50  m=0.43 f=0.89 -> OK
  [w3]   ep  13/50  m=0.40 f=2.67 -> OK
  [w2]   ep  14/50  m=0.35 f=1.93 -> OK
  [w1]   ep  14/50  m=0.40 f=1.27 -> OK
  [w0]   ep  14/50  m=0.34 f=0.80 -> OK
  [w3]   ep  14/50  m=0.34 f=2.45 -> OK
  [w2]   ep  15/50  m=0.31 f=1.54 -> OK
  [w1]   ep  15/50  m=0.49 f=1.25 -> OK
  [w0]   ep  15/50  m=0.45 f=0.89 -> OK
  [w3]   ep  15/50  m=0.39 f=2.17 -> OK
  [w2]   ep  16/50  m=0.44 f=1.78 -> OK
  [w1]   ep  16/50  m=0.45 f=1.16 -> OK
  [w0]   ep  16/50  m=0.35 f=0.83 -> OK
  [w3]   ep  16/50  m=0.34 f=2.89 -> missed_bin
  [w2]   ep  17/50  m=0.39 f=1.73 -> OK
  [w1]   ep  17/50  m=0.47 f=1.25 -> missed_bin
  [w0]   ep  17/50  m=0.45 f=0.89 -> missed_bin
  [w3]   ep  17/50  m=0.36 f=2.86 -> OK
  [w2]   ep  18/50  m=0.41 f=1.81 -> missed_bin
  [w1]   ep  18/50  m=0.31 f=1.44 -> missed_bin
  [w0]   ep  18/50  m=0.40 f=0.97 -> missed_bin
  [w3]   ep  18/50  m=0.34 f=2.07 -> missed_bin
  [w2]   ep  19/50  m=0.46 f=1.75 -> OK
  [w1]   ep  19/50  m=0.40 f=1.20 -> OK
  [w0]   ep  19/50  m=0.33 f=0.80 -> OK
  [w3]   ep  19/50  m=0.32 f=2.47 -> missed_bin
  [w2]   ep  20/50  m=0.38 f=1.56 -> missed_bin
  [w1]   ep  20/50  m=0.45 f=1.15 -> OK
  [w0]   ep  20/50  m=0.40 f=0.81 -> OK
  [w3]   ep  20/50  m=0.36 f=2.20 -> OK
  [w2]   ep  21/50  m=0.39 f=1.95 -> OK
  [w1]   ep  21/50  m=0.39 f=1.13 -> OK
  [w0]   ep  21/50  m=0.40 f=0.87 -> OK
  [w3]   ep  21/50  m=0.48 f=2.37 -> missed_bin
  [w2]   ep  22/50  m=0.32 f=1.77 -> OK
  [w1]   ep  22/50  m=0.36 f=1.36 -> OK
  [w0]   ep  22/50  m=0.42 f=0.97 -> missed_bin
  [w3]   ep  22/50  m=0.37 f=2.56 -> missed_bin
  [w2]   ep  23/50  m=0.36 f=1.66 -> OK
  [w1]   ep  23/50  m=0.33 f=1.17 -> OK
  [w0]   ep  23/50  m=0.32 f=0.84 -> OK
  [w3]   ep  23/50  m=0.37 f=2.36 -> OK
  [w2]   ep  24/50  m=0.38 f=1.87 -> missed_bin
  [w1]   ep  24/50  m=0.48 f=1.19 -> OK
  [w0]   ep  24/50  m=0.36 f=0.83 -> OK
  [w3]   ep  24/50  m=0.47 f=2.76 -> missed_bin
  [w2]   ep  25/50  m=0.42 f=1.78 -> missed_bin
  [w1]   ep  25/50  m=0.32 f=1.02 -> OK
  [w0]   ep  25/50  m=0.37 f=0.94 -> OK
  [w3]   ep  25/50  m=0.34 f=2.44 -> OK
  [w2]   ep  26/50  m=0.30 f=1.55 -> missed_bin
  [w1]   ep  26/50  m=0.32 f=1.07 -> OK
  [w0]   ep  26/50  m=0.46 f=0.97 -> OK
  [w3]   ep  26/50  m=0.46 f=2.15 -> missed_bin
  [w2]   ep  27/50  m=0.35 f=1.86 -> missed_bin
  [w1]   ep  27/50  m=0.37 f=1.04 -> OK
  [w0]   ep  27/50  m=0.37 f=0.92 -> missed_bin
  [w3]   ep  27/50  m=0.37 f=2.85 -> OK
  [w2]   ep  28/50  m=0.39 f=1.99 -> missed_bin
  [w1]   ep  28/50  m=0.46 f=1.25 -> OK
  [w0]   ep  28/50  m=0.40 f=0.96 -> OK
  [w3]   ep  28/50  m=0.34 f=2.19 -> OK
  [w2]   ep  29/50  m=0.44 f=1.79 -> OK
  [w1]   ep  29/50  m=0.31 f=1.24 -> OK
  [w0]   ep  29/50  m=0.44 f=0.96 -> OK
  [w3]   ep  29/50  m=0.50 f=2.83 -> missed_bin
  [w2]   ep  30/50  m=0.36 f=1.93 -> OK
  [w1]   ep  30/50  m=0.31 f=1.20 -> OK
  [w0]   ep  30/50  m=0.48 f=0.86 -> OK
  [w3]   ep  30/50  m=0.50 f=2.54 -> OK
  [w1]   ep  31/50  m=0.46 f=1.40 -> OK
  [w2]   ep  31/50  m=0.31 f=1.95 -> missed_bin
  [w0]   ep  31/50  m=0.38 f=0.88 -> missed_bin
  [w3]   ep  31/50  m=0.47 f=2.12 -> OK
  [w2]   ep  32/50  m=0.41 f=1.76 -> missed_bin
  [w1]   ep  32/50  m=0.37 f=1.25 -> OK
  [w0]   ep  32/50  m=0.41 f=0.86 -> OK
  [w3]   ep  32/50  m=0.31 f=2.94 -> OK
  [w2]   ep  33/50  m=0.32 f=1.58 -> OK
  [w1]   ep  33/50  m=0.47 f=1.41 -> OK
  [w0]   ep  33/50  m=0.49 f=0.80 -> OK
  [w3]   ep  33/50  m=0.38 f=2.05 -> missed_bin
  [w2]   ep  34/50  m=0.32 f=1.51 -> OK
  [w1]   ep  34/50  m=0.30 f=1.24 -> OK
  [w0]   ep  34/50  m=0.50 f=0.83 -> OK
  [w3]   ep  34/50  m=0.34 f=2.15 -> missed_bin
  [w2]   ep  35/50  m=0.39 f=1.58 -> OK
  [w1]   ep  35/50  m=0.50 f=1.38 -> OK
  [w0]   ep  35/50  m=0.42 f=0.84 -> missed_bin
  [w3]   ep  35/50  m=0.47 f=2.50 -> missed_bin
  [w0]   ep  36/50  m=0.46 f=0.87 -> missed_bin
  [w1]   ep  36/50  m=0.36 f=1.05 -> OK
  [w2]   ep  36/50  m=0.43 f=1.65 -> missed_bin
  [w3]   ep  36/50  m=0.32 f=2.59 -> missed_bin
  [w1]   ep  37/50  m=0.41 f=1.17 -> OK
  [w0]   ep  37/50  m=0.33 f=0.87 -> OK
  [w2]   ep  37/50  m=0.30 f=1.52 -> OK
  [w3]   ep  37/50  m=0.43 f=2.99 -> missed_bin
  [w1]   ep  38/50  m=0.41 f=1.10 -> OK
  [w0]   ep  38/50  m=0.39 f=0.95 -> OK
  [w2]   ep  38/50  m=0.43 f=1.96 -> OK
  [w3]   ep  38/50  m=0.33 f=2.43 -> missed_bin
  [w1]   ep  39/50  m=0.50 f=1.23 -> OK
  [w0]   ep  39/50  m=0.49 f=0.91 -> OK
  [w2]   ep  39/50  m=0.38 f=1.71 -> missed_bin
  [w3]   ep  39/50  m=0.36 f=2.62 -> missed_bin
  [w1]   ep  40/50  m=0.49 f=1.28 -> missed_bin
  [w0]   ep  40/50  m=0.44 f=0.82 -> OK
  [w2]   ep  40/50  m=0.45 f=1.82 -> missed_bin
  [w3]   ep  40/50  m=0.32 f=2.10 -> OK
  [w1]   ep  41/50  m=0.38 f=1.04 -> OK
  [w0]   ep  41/50  m=0.39 f=0.93 -> OK
  [w2]   ep  41/50  m=0.36 f=1.98 -> OK
  [w3]   ep  41/50  m=0.40 f=2.41 -> missed_bin
  [w1]   ep  42/50  m=0.37 f=1.47 -> OK
  [w0]   ep  42/50  m=0.46 f=0.92 -> OK
  [w2]   ep  42/50  m=0.42 f=1.71 -> OK
  [w3]   ep  42/50  m=0.39 f=2.41 -> missed_bin
  [w1]   ep  43/50  m=0.47 f=1.40 -> missed_bin
  [w0]   ep  43/50  m=0.34 f=0.97 -> OK
  [w2]   ep  43/50  m=0.49 f=1.71 -> missed_bin
  [w3]   ep  43/50  m=0.48 f=2.37 -> OK
  [w1]   ep  44/50  m=0.33 f=1.02 -> OK
  [w0]   ep  44/50  m=0.37 f=0.97 -> missed_bin
  [w2]   ep  44/50  m=0.37 f=2.00 -> missed_bin
  [w3]   ep  44/50  m=0.43 f=2.54 -> missed_bin
  [w1]   ep  45/50  m=0.35 f=1.15 -> OK
  [w0]   ep  45/50  m=0.47 f=0.83 -> missed_bin
  [w2]   ep  45/50  m=0.34 f=1.94 -> OK
  [w3]   ep  45/50  m=0.38 f=2.33 -> missed_bin
  [w1]   ep  46/50  m=0.40 f=1.29 -> OK
  [w2]   ep  46/50  m=0.33 f=1.93 -> OK
  [w0]   ep  46/50  m=0.33 f=0.91 -> missed_bin
  [w3]   ep  46/50  m=0.39 f=2.41 -> OK
  [w1]   ep  47/50  m=0.48 f=1.48 -> missed_bin
  [w2]   ep  47/50  m=0.38 f=1.86 -> missed_bin
  [w0]   ep  47/50  m=0.32 f=0.92 -> missed_bin
  [w3]   ep  47/50  m=0.45 f=2.81 -> missed_bin
  [w1]   ep  48/50  m=0.39 f=1.11 -> OK
  [w2]   ep  48/50  m=0.38 f=1.77 -> missed_bin
  [w0]   ep  48/50  m=0.35 f=0.93 -> missed_bin
  [w3]   ep  48/50  m=0.32 f=2.51 -> missed_bin
  [w1]   ep  49/50  m=0.42 f=1.28 -> missed_bin
  [w2]   ep  49/50  m=0.43 f=1.91 -> OK
  [w0]   ep  49/50  m=0.33 f=0.85 -> OK
  [w3]   ep  49/50  m=0.37 f=2.07 -> missed_bin
  [w1]   ep  50/50  m=0.34 f=1.24 -> OK
  [w1]   => 40/50 = 80.0%  (344.8s)
  [w1] [14/24] mass=[0.50-0.70]  fric=[0.50-0.80]
  [w2]   ep  50/50  m=0.48 f=1.56 -> missed_bin
  [w2]   => 27/50 = 54.0%  (346.1s)
  [w2] [15/24] mass=[0.50-0.70]  fric=[0.80-1.00]
  [w0]   ep  50/50  m=0.49 f=0.96 -> OK
  [w0]   => 33/50 = 66.0%  (346.1s)
  [w0] [13/24] mass=[0.50-0.70]  fric=[0.30-0.50]
  [w3]   ep  50/50  m=0.30 f=2.37 -> OK
  [w3]   => 23/50 = 46.0%  (348.3s)
  [w3] [16/24] mass=[0.50-0.70]  fric=[1.00-1.50]
  [w1]   ep   1/50  m=0.50 f=0.62 -> missed_bin
  [w0]   ep   1/50  m=0.61 f=0.44 -> OK
  [w2]   ep   1/50  m=0.50 f=0.96 -> OK
  [w3]   ep   1/50  m=0.60 f=1.30 -> OK
  [w1]   ep   2/50  m=0.66 f=0.58 -> missed_bin
  [w2]   ep   2/50  m=0.67 f=0.94 -> OK
  [w0]   ep   2/50  m=0.59 f=0.32 -> OK
  [w3]   ep   2/50  m=0.68 f=1.33 -> OK
  [w1]   ep   3/50  m=0.65 f=0.64 -> OK
  [w2]   ep   3/50  m=0.50 f=0.83 -> missed_bin
  [w0]   ep   3/50  m=0.61 f=0.35 -> OK
  [w3]   ep   3/50  m=0.68 f=1.38 -> OK
  [w1]   ep   4/50  m=0.57 f=0.55 -> OK
  [w2]   ep   4/50  m=0.59 f=0.84 -> OK
  [w0]   ep   4/50  m=0.70 f=0.45 -> missed_bin
  [w3]   ep   4/50  m=0.55 f=1.10 -> missed_bin
  [w1]   ep   5/50  m=0.54 f=0.55 -> missed_bin
  [w2]   ep   5/50  m=0.69 f=0.91 -> OK
  [w0]   ep   5/50  m=0.52 f=0.45 -> OK
  [w3]   ep   5/50  m=0.58 f=1.23 -> missed_bin
  [w1]   ep   6/50  m=0.50 f=0.53 -> OK
  [w2]   ep   6/50  m=0.59 f=0.97 -> OK
  [w0]   ep   6/50  m=0.55 f=0.36 -> OK
  [w3]   ep   6/50  m=0.65 f=1.14 -> OK
  [w1]   ep   7/50  m=0.51 f=0.63 -> OK
  [w2]   ep   7/50  m=0.66 f=0.95 -> missed_bin
  [w0]   ep   7/50  m=0.65 f=0.34 -> OK
  [w3]   ep   7/50  m=0.61 f=1.33 -> OK
  [w1]   ep   8/50  m=0.68 f=0.76 -> OK
  [w2]   ep   8/50  m=0.59 f=0.99 -> missed_bin
  [w0]   ep   8/50  m=0.60 f=0.44 -> missed_bin
  [w3]   ep   8/50  m=0.60 f=1.20 -> missed_bin
  [w1]   ep   9/50  m=0.65 f=0.53 -> missed_bin
  [w2]   ep   9/50  m=0.54 f=0.87 -> OK
  [w0]   ep   9/50  m=0.60 f=0.40 -> OK
  [w3]   ep   9/50  m=0.63 f=1.09 -> missed_bin
  [w1]   ep  10/50  m=0.59 f=0.67 -> missed_bin
  [w2]   ep  10/50  m=0.63 f=0.85 -> OK
  [w0]   ep  10/50  m=0.65 f=0.33 -> OK
  [w3]   ep  10/50  m=0.53 f=1.23 -> OK
  [w1]   ep  11/50  m=0.57 f=0.76 -> OK
  [w2]   ep  11/50  m=0.54 f=0.83 -> OK
  [w0]   ep  11/50  m=0.56 f=0.38 -> OK
  [w3]   ep  11/50  m=0.52 f=1.20 -> missed_bin
  [w1]   ep  12/50  m=0.70 f=0.77 -> OK
  [w2]   ep  12/50  m=0.66 f=0.83 -> OK
  [w0]   ep  12/50  m=0.61 f=0.42 -> missed_bin
  [w3]   ep  12/50  m=0.61 f=1.02 -> missed_bin
  [w1]   ep  13/50  m=0.63 f=0.71 -> OK
  [w2]   ep  13/50  m=0.52 f=0.95 -> OK
  [w0]   ep  13/50  m=0.55 f=0.46 -> OK
  [w3]   ep  13/50  m=0.64 f=1.22 -> OK
  [w1]   ep  14/50  m=0.55 f=0.60 -> OK
  [w2]   ep  14/50  m=0.65 f=0.80 -> OK
  [w0]   ep  14/50  m=0.54 f=0.36 -> OK
  [w3]   ep  14/50  m=0.60 f=1.47 -> missed_bin
  [w1]   ep  15/50  m=0.67 f=0.67 -> missed_bin
  [w2]   ep  15/50  m=0.57 f=0.83 -> OK
  [w0]   ep  15/50  m=0.66 f=0.35 -> OK
  [w3]   ep  15/50  m=0.69 f=1.43 -> OK
  [w1]   ep  16/50  m=0.54 f=0.52 -> OK
  [w2]   ep  16/50  m=0.62 f=0.94 -> OK
  [w0]   ep  16/50  m=0.51 f=0.49 -> OK
  [w3]   ep  16/50  m=0.59 f=1.21 -> OK
  [w1]   ep  17/50  m=0.63 f=0.72 -> missed_bin
  [w2]   ep  17/50  m=0.56 f=0.87 -> OK
  [w0]   ep  17/50  m=0.60 f=0.31 -> OK
  [w3]   ep  17/50  m=0.66 f=1.42 -> OK
  [w1]   ep  18/50  m=0.51 f=0.58 -> OK
  [w0]   ep  18/50  m=0.64 f=0.36 -> OK
  [w2]   ep  18/50  m=0.67 f=0.82 -> OK
  [w3]   ep  18/50  m=0.60 f=1.47 -> missed_bin
  [w1]   ep  19/50  m=0.53 f=0.51 -> missed_bin
  [w0]   ep  19/50  m=0.61 f=0.48 -> OK
  [w2]   ep  19/50  m=0.57 f=0.95 -> OK
  [w3]   ep  19/50  m=0.67 f=1.40 -> OK
  [w1]   ep  20/50  m=0.61 f=0.76 -> missed_bin
  [w2]   ep  20/50  m=0.58 f=0.91 -> missed_bin
  [w0]   ep  20/50  m=0.51 f=0.48 -> OK
  [w3]   ep  20/50  m=0.64 f=1.22 -> missed_bin
  [w1]   ep  21/50  m=0.65 f=0.64 -> OK
  [w2]   ep  21/50  m=0.69 f=0.99 -> missed_bin
  [w0]   ep  21/50  m=0.68 f=0.39 -> OK
  [w3]   ep  21/50  m=0.57 f=1.35 -> OK
  [w1]   ep  22/50  m=0.68 f=0.79 -> missed_bin
  [w2]   ep  22/50  m=0.68 f=0.87 -> OK
  [w0]   ep  22/50  m=0.53 f=0.43 -> OK
  [w3]   ep  22/50  m=0.51 f=1.04 -> OK
  [w1]   ep  23/50  m=0.63 f=0.73 -> OK
  [w2]   ep  23/50  m=0.57 f=0.93 -> missed_bin
  [w0]   ep  23/50  m=0.68 f=0.34 -> OK
  [w3]   ep  23/50  m=0.59 f=1.24 -> OK
  [w1]   ep  24/50  m=0.68 f=0.73 -> OK
  [w2]   ep  24/50  m=0.59 f=0.92 -> missed_bin
  [w0]   ep  24/50  m=0.59 f=0.49 -> missed_bin
  [w3]   ep  24/50  m=0.69 f=1.47 -> OK
  [w1]   ep  25/50  m=0.62 f=0.59 -> OK
  [w2]   ep  25/50  m=0.67 f=1.00 -> OK
  [w0]   ep  25/50  m=0.56 f=0.31 -> OK
  [w3]   ep  25/50  m=0.70 f=1.33 -> missed_bin
  [w1]   ep  26/50  m=0.60 f=0.67 -> OK
  [w2]   ep  26/50  m=0.50 f=0.86 -> OK
  [w0]   ep  26/50  m=0.52 f=0.35 -> OK
  [w3]   ep  26/50  m=0.62 f=1.09 -> OK
  [w1]   ep  27/50  m=0.64 f=0.52 -> OK
  [w2]   ep  27/50  m=0.59 f=0.92 -> missed_bin
  [w0]   ep  27/50  m=0.60 f=0.45 -> OK
  [w3]   ep  27/50  m=0.67 f=1.48 -> missed_bin
  [w1]   ep  28/50  m=0.68 f=0.58 -> OK
  [w2]   ep  28/50  m=0.52 f=0.85 -> OK
  [w0]   ep  28/50  m=0.70 f=0.37 -> missed_bin
  [w3]   ep  28/50  m=0.58 f=1.30 -> missed_bin
  [w1]   ep  29/50  m=0.66 f=0.52 -> missed_bin
  [w2]   ep  29/50  m=0.52 f=0.89 -> missed_bin
  [w0]   ep  29/50  m=0.54 f=0.31 -> OK
  [w3]   ep  29/50  m=0.67 f=1.00 -> OK
  [w1]   ep  30/50  m=0.66 f=0.56 -> OK
  [w2]   ep  30/50  m=0.53 f=0.96 -> OK
  [w0]   ep  30/50  m=0.65 f=0.47 -> OK
  [w3]   ep  30/50  m=0.62 f=1.37 -> OK
  [w1]   ep  31/50  m=0.58 f=0.68 -> missed_bin
  [w0]   ep  31/50  m=0.53 f=0.48 -> missed_bin
  [w2]   ep  31/50  m=0.51 f=0.90 -> missed_bin
  [w3]   ep  31/50  m=0.61 f=1.14 -> OK
  [w1]   ep  32/50  m=0.64 f=0.77 -> OK
  [w0]   ep  32/50  m=0.69 f=0.48 -> OK
  [w2]   ep  32/50  m=0.68 f=0.92 -> OK
  [w3]   ep  32/50  m=0.55 f=1.09 -> OK
  [w1]   ep  33/50  m=0.68 f=0.72 -> OK
  [w0]   ep  33/50  m=0.65 f=0.36 -> OK
  [w2]   ep  33/50  m=0.51 f=0.90 -> OK
  [w3]   ep  33/50  m=0.59 f=1.19 -> OK
  [w1]   ep  34/50  m=0.50 f=0.73 -> OK
  [w0]   ep  34/50  m=0.63 f=0.50 -> OK
  [w2]   ep  34/50  m=0.69 f=0.83 -> OK
  [w3]   ep  34/50  m=0.59 f=1.31 -> missed_bin
  [w1]   ep  35/50  m=0.69 f=0.61 -> missed_bin
  [w0]   ep  35/50  m=0.51 f=0.39 -> OK
  [w2]   ep  35/50  m=0.68 f=0.84 -> OK
  [w3]   ep  35/50  m=0.55 f=1.28 -> OK
  [w1]   ep  36/50  m=0.51 f=0.76 -> missed_bin
  [w0]   ep  36/50  m=0.53 f=0.43 -> OK
  [w2]   ep  36/50  m=0.58 f=0.96 -> OK
  [w3]   ep  36/50  m=0.67 f=1.16 -> OK
  [w1]   ep  37/50  m=0.62 f=0.57 -> OK
  [w0]   ep  37/50  m=0.63 f=0.45 -> OK
  [w2]   ep  37/50  m=0.62 f=0.93 -> OK
  [w3]   ep  37/50  m=0.69 f=1.05 -> missed_bin
  [w1]   ep  38/50  m=0.68 f=0.53 -> OK
  [w0]   ep  38/50  m=0.66 f=0.45 -> OK
  [w2]   ep  38/50  m=0.54 f=0.95 -> OK
  [w3]   ep  38/50  m=0.60 f=1.07 -> missed_bin
  [w1]   ep  39/50  m=0.58 f=0.62 -> OK
  [w0]   ep  39/50  m=0.60 f=0.35 -> OK
  [w2]   ep  39/50  m=0.57 f=0.85 -> OK
  [w3]   ep  39/50  m=0.64 f=1.17 -> OK
  [w1]   ep  40/50  m=0.62 f=0.73 -> OK
  [w0]   ep  40/50  m=0.59 f=0.40 -> OK
  [w2]   ep  40/50  m=0.61 f=0.95 -> missed_bin
  [w3]   ep  40/50  m=0.55 f=1.10 -> OK
  [w1]   ep  41/50  m=0.61 f=0.57 -> OK
  [w0]   ep  41/50  m=0.53 f=0.42 -> OK
  [w2]   ep  41/50  m=0.57 f=0.88 -> OK
  [w3]   ep  41/50  m=0.53 f=1.37 -> missed_bin
  [w1]   ep  42/50  m=0.70 f=0.64 -> OK
  [w0]   ep  42/50  m=0.66 f=0.38 -> OK
  [w2]   ep  42/50  m=0.50 f=0.87 -> missed_bin
  [w3]   ep  42/50  m=0.55 f=1.04 -> missed_bin
  [w1]   ep  43/50  m=0.56 f=0.76 -> OK
  [w0]   ep  43/50  m=0.61 f=0.40 -> OK
  [w2]   ep  43/50  m=0.56 f=0.95 -> OK
  [w3]   ep  43/50  m=0.66 f=1.45 -> missed_bin
  [w1]   ep  44/50  m=0.57 f=0.60 -> missed_bin
  [w0]   ep  44/50  m=0.58 f=0.30 -> OK
  [w2]   ep  44/50  m=0.51 f=0.96 -> OK
  [w3]   ep  44/50  m=0.59 f=1.11 -> OK
  [w1]   ep  45/50  m=0.65 f=0.56 -> OK
  [w0]   ep  45/50  m=0.56 f=0.38 -> OK
  [w2]   ep  45/50  m=0.52 f=0.92 -> OK
  [w3]   ep  45/50  m=0.51 f=1.16 -> missed_bin
  [w1]   ep  46/50  m=0.54 f=0.60 -> missed_bin
  [w0]   ep  46/50  m=0.65 f=0.45 -> OK
  [w2]   ep  46/50  m=0.51 f=0.90 -> OK
  [w3]   ep  46/50  m=0.66 f=1.48 -> OK
  [w1]   ep  47/50  m=0.68 f=0.53 -> OK
  [w0]   ep  47/50  m=0.54 f=0.32 -> OK
  [w2]   ep  47/50  m=0.51 f=0.87 -> missed_bin
  [w3]   ep  47/50  m=0.57 f=1.45 -> OK
  [w1]   ep  48/50  m=0.55 f=0.66 -> missed_bin
  [w0]   ep  48/50  m=0.54 f=0.43 -> missed_bin
  [w2]   ep  48/50  m=0.67 f=0.86 -> OK
  [w3]   ep  48/50  m=0.56 f=1.05 -> OK
  [w1]   ep  49/50  m=0.51 f=0.53 -> OK
  [w0]   ep  49/50  m=0.62 f=0.31 -> OK
  [w2]   ep  49/50  m=0.66 f=0.85 -> missed_bin
  [w3]   ep  49/50  m=0.66 f=1.05 -> OK
  [w1]   ep  50/50  m=0.52 f=0.72 -> OK
  [w1]   => 33/50 = 66.0%  (337.8s)
  [w1] [18/24] mass=[0.50-0.70]  fric=[2.00-3.00]
  [w0]   ep  50/50  m=0.56 f=0.43 -> OK
  [w0]   => 43/50 = 86.0%  (339.2s)
  [w0] [17/24] mass=[0.50-0.70]  fric=[1.50-2.00]
  [w2]   ep  50/50  m=0.53 f=0.93 -> OK
  [w2]   => 36/50 = 72.0%  (339.7s)
  [w2] [19/24] mass=[0.70-0.90]  fric=[0.30-0.50]
  [w3]   ep  50/50  m=0.63 f=1.25 -> missed_bin
  [w3]   => 30/50 = 60.0%  (337.0s)
  [w3] [20/24] mass=[0.70-0.90]  fric=[0.50-0.80]
  [w1]   ep   1/50  m=0.69 f=2.57 -> OK
  [w0]   ep   1/50  m=0.51 f=1.53 -> missed_bin
  [w2]   ep   1/50  m=0.73 f=0.45 -> OK
  [w3]   ep   1/50  m=0.87 f=0.54 -> OK
  [w1]   ep   2/50  m=0.59 f=2.10 -> OK
  [w0]   ep   2/50  m=0.61 f=1.98 -> OK
  [w2]   ep   2/50  m=0.87 f=0.37 -> OK
  [w3]   ep   2/50  m=0.73 f=0.75 -> OK
  [w1]   ep   3/50  m=0.69 f=2.49 -> missed_bin
  [w0]   ep   3/50  m=0.63 f=1.62 -> missed_bin
  [w2]   ep   3/50  m=0.76 f=0.43 -> OK
  [w3]   ep   3/50  m=0.86 f=0.50 -> OK
  [w1]   ep   4/50  m=0.53 f=2.30 -> missed_bin
  [w0]   ep   4/50  m=0.56 f=1.62 -> missed_bin
  [w2]   ep   4/50  m=0.86 f=0.41 -> missed_bin
  [w3]   ep   4/50  m=0.81 f=0.62 -> missed_bin
  [w1]   ep   5/50  m=0.58 f=2.24 -> OK
  [w2]   ep   5/50  m=0.74 f=0.49 -> missed_bin
  [w0]   ep   5/50  m=0.57 f=1.56 -> OK
  [w3]   ep   5/50  m=0.85 f=0.57 -> OK
  [w1]   ep   6/50  m=0.53 f=2.89 -> OK
  [w2]   ep   6/50  m=0.90 f=0.38 -> OK
  [w0]   ep   6/50  m=0.56 f=1.90 -> OK
  [w3]   ep   6/50  m=0.89 f=0.53 -> OK
  [w1]   ep   7/50  m=0.65 f=2.73 -> missed_bin
  [w2]   ep   7/50  m=0.71 f=0.40 -> missed_bin
  [w0]   ep   7/50  m=0.50 f=1.58 -> OK
  [w3]   ep   7/50  m=0.84 f=0.52 -> OK
  [w1]   ep   8/50  m=0.57 f=2.03 -> OK
  [w2]   ep   8/50  m=0.76 f=0.35 -> OK
  [w0]   ep   8/50  m=0.61 f=1.53 -> missed_bin
  [w3]   ep   8/50  m=0.80 f=0.60 -> missed_bin
  [w1]   ep   9/50  m=0.55 f=2.90 -> missed_bin
  [w2]   ep   9/50  m=0.74 f=0.42 -> OK
  [w0]   ep   9/50  m=0.54 f=1.89 -> missed_bin
  [w3]   ep   9/50  m=0.72 f=0.60 -> OK
  [w1]   ep  10/50  m=0.59 f=2.59 -> OK
  [w2]   ep  10/50  m=0.70 f=0.35 -> OK
  [w0]   ep  10/50  m=0.58 f=1.80 -> OK
  [w3]   ep  10/50  m=0.76 f=0.76 -> OK
  [w1]   ep  11/50  m=0.55 f=2.15 -> OK
  [w2]   ep  11/50  m=0.73 f=0.49 -> OK
  [w0]   ep  11/50  m=0.51 f=1.50 -> OK
  [w3]   ep  11/50  m=0.86 f=0.72 -> OK
  [w1]   ep  12/50  m=0.60 f=2.88 -> missed_bin
  [w2]   ep  12/50  m=0.81 f=0.38 -> OK
  [w0]   ep  12/50  m=0.66 f=1.93 -> missed_bin
  [w3]   ep  12/50  m=0.85 f=0.74 -> OK
  [w1]   ep  13/50  m=0.52 f=2.62 -> missed_bin
  [w0]   ep  13/50  m=0.70 f=1.98 -> OK
  [w2]   ep  13/50  m=0.85 f=0.34 -> OK
  [w3]   ep  13/50  m=0.86 f=0.75 -> OK
  [w1]   ep  14/50  m=0.51 f=2.09 -> OK
  [w2]   ep  14/50  m=0.79 f=0.31 -> OK
  [w0]   ep  14/50  m=0.69 f=1.89 -> OK
  [w3]   ep  14/50  m=0.77 f=0.58 -> OK
  [w1]   ep  15/50  m=0.67 f=2.25 -> missed_bin
  [w2]   ep  15/50  m=0.80 f=0.50 -> missed_bin
  [w0]   ep  15/50  m=0.64 f=1.65 -> OK
  [w3]   ep  15/50  m=0.78 f=0.74 -> OK
  [w1]   ep  16/50  m=0.55 f=2.63 -> missed_bin
  [w0]   ep  16/50  m=0.61 f=1.69 -> OK
  [w2]   ep  16/50  m=0.81 f=0.40 -> OK
  [w3]   ep  16/50  m=0.86 f=0.80 -> missed_bin
  [w1]   ep  17/50  m=0.53 f=2.29 -> OK
  [w0]   ep  17/50  m=0.61 f=1.86 -> OK
  [w2]   ep  17/50  m=0.72 f=0.33 -> OK
  [w3]   ep  17/50  m=0.87 f=0.68 -> missed_bin
  [w1]   ep  18/50  m=0.70 f=2.39 -> missed_bin
  [w0]   ep  18/50  m=0.54 f=1.65 -> OK
  [w2]   ep  18/50  m=0.85 f=0.44 -> OK
  [w3]   ep  18/50  m=0.81 f=0.56 -> missed_bin
  [w1]   ep  19/50  m=0.51 f=2.43 -> OK
  [w2]   ep  19/50  m=0.75 f=0.46 -> missed_bin
  [w0]   ep  19/50  m=0.67 f=1.83 -> OK
  [w3]   ep  19/50  m=0.74 f=0.73 -> missed_bin
  [w1]   ep  20/50  m=0.67 f=2.03 -> missed_bin
  [w2]   ep  20/50  m=0.86 f=0.35 -> missed_bin
  [w0]   ep  20/50  m=0.63 f=1.75 -> OK
  [w3]   ep  20/50  m=0.72 f=0.67 -> OK
  [w1]   ep  21/50  m=0.51 f=2.53 -> missed_bin
  [w2]   ep  21/50  m=0.75 f=0.41 -> OK
  [w0]   ep  21/50  m=0.53 f=1.57 -> missed_bin
  [w3]   ep  21/50  m=0.84 f=0.75 -> OK
  [w1]   ep  22/50  m=0.52 f=2.27 -> missed_bin
  [w2]   ep  22/50  m=0.74 f=0.36 -> OK
  [w0]   ep  22/50  m=0.61 f=1.90 -> OK
  [w3]   ep  22/50  m=0.79 f=0.60 -> OK
  [w1]   ep  23/50  m=0.57 f=2.33 -> missed_bin
  [w2]   ep  23/50  m=0.76 f=0.44 -> OK
  [w0]   ep  23/50  m=0.53 f=1.67 -> missed_bin
  [w3]   ep  23/50  m=0.77 f=0.51 -> OK
  [w1]   ep  24/50  m=0.64 f=2.35 -> missed_bin
  [w2]   ep  24/50  m=0.72 f=0.50 -> missed_bin
  [w0]   ep  24/50  m=0.66 f=1.70 -> OK
  [w3]   ep  24/50  m=0.71 f=0.61 -> missed_bin
  [w1]   ep  25/50  m=0.69 f=2.46 -> missed_bin
  [w2]   ep  25/50  m=0.71 f=0.38 -> OK
  [w0]   ep  25/50  m=0.62 f=1.73 -> OK
  [w3]   ep  25/50  m=0.79 f=0.64 -> OK
  [w1]   ep  26/50  m=0.56 f=2.60 -> OK
  [w2]   ep  26/50  m=0.85 f=0.47 -> OK
  [w0]   ep  26/50  m=0.57 f=1.57 -> OK
  [w3]   ep  26/50  m=0.89 f=0.78 -> OK
  [w1]   ep  27/50  m=0.64 f=2.83 -> missed_bin
  [w2]   ep  27/50  m=0.79 f=0.46 -> OK
  [w0]   ep  27/50  m=0.53 f=1.98 -> missed_bin
  [w3]   ep  27/50  m=0.84 f=0.77 -> OK
  [w1]   ep  28/50  m=0.50 f=2.19 -> OK
  [w2]   ep  28/50  m=0.71 f=0.36 -> OK
  [w0]   ep  28/50  m=0.67 f=1.54 -> missed_bin
  [w3]   ep  28/50  m=0.71 f=0.59 -> OK
  [w1]   ep  29/50  m=0.51 f=2.75 -> OK
  [w2]   ep  29/50  m=0.71 f=0.37 -> OK
  [w0]   ep  29/50  m=0.64 f=1.65 -> OK
  [w3]   ep  29/50  m=0.70 f=0.59 -> OK
  [w1]   ep  30/50  m=0.64 f=2.38 -> OK
  [w2]   ep  30/50  m=0.71 f=0.40 -> OK
  [w0]   ep  30/50  m=0.60 f=1.87 -> OK
  [w3]   ep  30/50  m=0.81 f=0.60 -> OK
  [w1]   ep  31/50  m=0.62 f=2.21 -> missed_bin
  [w2]   ep  31/50  m=0.86 f=0.32 -> OK
  [w0]   ep  31/50  m=0.67 f=1.58 -> missed_bin
  [w3]   ep  31/50  m=0.83 f=0.69 -> OK
  [w1]   ep  32/50  m=0.53 f=2.25 -> OK
  [w2]   ep  32/50  m=0.79 f=0.36 -> OK
  [w3]   ep  32/50  m=0.74 f=0.63 -> OK
  [w0]   ep  32/50  m=0.66 f=1.64 -> OK
  [w1]   ep  33/50  m=0.69 f=2.73 -> OK
  [w2]   ep  33/50  m=0.88 f=0.34 -> missed_bin
  [w3]   ep  33/50  m=0.87 f=0.56 -> OK
  [w0]   ep  33/50  m=0.63 f=1.99 -> OK
  [w1]   ep  34/50  m=0.52 f=2.70 -> OK
  [w2]   ep  34/50  m=0.73 f=0.45 -> missed_bin
  [w3]   ep  34/50  m=0.74 f=0.52 -> OK
  [w0]   ep  34/50  m=0.61 f=1.61 -> OK
  [w1]   ep  35/50  m=0.54 f=2.79 -> missed_bin
  [w2]   ep  35/50  m=0.84 f=0.36 -> missed_bin
  [w3]   ep  35/50  m=0.87 f=0.75 -> OK
  [w0]   ep  35/50  m=0.61 f=1.86 -> missed_bin
  [w1]   ep  36/50  m=0.55 f=2.77 -> OK
  [w2]   ep  36/50  m=0.86 f=0.43 -> OK
  [w3]   ep  36/50  m=0.90 f=0.51 -> missed_bin
  [w0]   ep  36/50  m=0.62 f=1.71 -> missed_bin
  [w1]   ep  37/50  m=0.57 f=2.05 -> OK
  [w2]   ep  37/50  m=0.83 f=0.38 -> OK
  [w3]   ep  37/50  m=0.78 f=0.55 -> OK
  [w0]   ep  37/50  m=0.64 f=1.82 -> OK
  [w1]   ep  38/50  m=0.52 f=2.22 -> missed_bin
  [w2]   ep  38/50  m=0.88 f=0.34 -> missed_bin
  [w3]   ep  38/50  m=0.78 f=0.69 -> missed_bin
  [w0]   ep  38/50  m=0.50 f=1.64 -> missed_bin
  [w1]   ep  39/50  m=0.57 f=2.24 -> missed_bin
  [w2]   ep  39/50  m=0.71 f=0.47 -> OK
  [w3]   ep  39/50  m=0.89 f=0.58 -> OK
  [w0]   ep  39/50  m=0.69 f=1.95 -> missed_bin
  [w1]   ep  40/50  m=0.65 f=2.41 -> OK
  [w2]   ep  40/50  m=0.71 f=0.35 -> OK
  [w3]   ep  40/50  m=0.85 f=0.65 -> OK
  [w0]   ep  40/50  m=0.63 f=1.75 -> OK
  [w1]   ep  41/50  m=0.61 f=2.22 -> missed_bin
  [w2]   ep  41/50  m=0.82 f=0.38 -> OK
  [w3]   ep  41/50  m=0.83 f=0.79 -> OK
  [w0]   ep  41/50  m=0.52 f=1.68 -> missed_bin
  [w1]   ep  42/50  m=0.62 f=2.26 -> missed_bin
  [w2]   ep  42/50  m=0.87 f=0.46 -> OK
  [w3]   ep  42/50  m=0.78 f=0.79 -> OK
  [w0]   ep  42/50  m=0.64 f=1.62 -> OK
  [w1]   ep  43/50  m=0.61 f=2.64 -> OK
  [w2]   ep  43/50  m=0.83 f=0.35 -> OK
  [w3]   ep  43/50  m=0.88 f=0.60 -> OK
  [w0]   ep  43/50  m=0.64 f=1.70 -> OK
  [w1]   ep  44/50  m=0.52 f=2.38 -> missed_bin
  [w2]   ep  44/50  m=0.78 f=0.34 -> OK
  [w3]   ep  44/50  m=0.79 f=0.68 -> OK
  [w0]   ep  44/50  m=0.53 f=1.79 -> OK
  [w1]   ep  45/50  m=0.58 f=2.17 -> missed_bin
  [w2]   ep  45/50  m=0.80 f=0.34 -> OK
  [w3]   ep  45/50  m=0.77 f=0.76 -> OK
  [w0]   ep  45/50  m=0.57 f=1.82 -> OK
  [w1]   ep  46/50  m=0.66 f=2.61 -> missed_bin
  [w2]   ep  46/50  m=0.72 f=0.34 -> OK
  [w3]   ep  46/50  m=0.79 f=0.79 -> OK
  [w0]   ep  46/50  m=0.56 f=1.66 -> OK
  [w1]   ep  47/50  m=0.56 f=2.45 -> OK
  [w2]   ep  47/50  m=0.89 f=0.31 -> OK
  [w3]   ep  47/50  m=0.76 f=0.69 -> OK
  [w0]   ep  47/50  m=0.63 f=1.51 -> OK
  [w1]   ep  48/50  m=0.54 f=2.48 -> OK
  [w2]   ep  48/50  m=0.75 f=0.41 -> OK
  [w3]   ep  48/50  m=0.89 f=0.62 -> OK
  [w0]   ep  48/50  m=0.69 f=1.74 -> OK
  [w1]   ep  49/50  m=0.51 f=2.24 -> missed_bin
  [w2]   ep  49/50  m=0.81 f=0.38 -> missed_bin
  [w3]   ep  49/50  m=0.87 f=0.52 -> OK
  [w0]   ep  49/50  m=0.52 f=1.98 -> missed_bin
  [w1]   ep  50/50  m=0.54 f=2.78 -> OK
  [w1]   => 24/50 = 48.0%  (342.7s)
  [w1] [22/24] mass=[0.70-0.90]  fric=[1.00-1.50]
  [w2]   ep  50/50  m=0.82 f=0.41 -> OK
  [w2]   => 38/50 = 76.0%  (341.3s)
  [w2] [23/24] mass=[0.70-0.90]  fric=[1.50-2.00]
  [w3]   ep  50/50  m=0.88 f=0.55 -> missed_bin
  [w3]   => 40/50 = 80.0%  (341.1s)
  [w3] [24/24] mass=[0.70-0.90]  fric=[2.00-3.00]
  [w0]   ep  50/50  m=0.68 f=1.87 -> missed_bin
  [w0]   => 32/50 = 64.0%  (343.7s)
  [w0] [21/24] mass=[0.70-0.90]  fric=[0.80-1.00]
  [w1]   ep   1/50  m=0.88 f=1.13 -> OK
  [w2]   ep   1/50  m=0.88 f=1.65 -> missed_bin
  [w3]   ep   1/50  m=0.86 f=2.91 -> OK
  [w0]   ep   1/50  m=0.81 f=0.93 -> OK
  [w1]   ep   2/50  m=0.86 f=1.29 -> OK
  [w2]   ep   2/50  m=0.71 f=1.71 -> missed_bin
  [w3]   ep   2/50  m=0.73 f=2.03 -> missed_bin
  [w0]   ep   2/50  m=0.73 f=0.87 -> OK
  [w1]   ep   3/50  m=0.80 f=1.09 -> OK
  [w2]   ep   3/50  m=0.87 f=1.60 -> OK
  [w3]   ep   3/50  m=0.85 f=2.71 -> missed_bin
  [w0]   ep   3/50  m=0.84 f=0.86 -> OK
  [w1]   ep   4/50  m=0.70 f=1.30 -> OK
  [w2]   ep   4/50  m=0.83 f=1.84 -> OK
  [w3]   ep   4/50  m=0.71 f=2.83 -> missed_bin
  [w0]   ep   4/50  m=0.88 f=0.85 -> OK
  [w1]   ep   5/50  m=0.89 f=1.27 -> missed_bin
  [w2]   ep   5/50  m=0.77 f=1.73 -> missed_bin
  [w3]   ep   5/50  m=0.75 f=2.67 -> OK
  [w0]   ep   5/50  m=0.79 f=0.92 -> OK
  [w1]   ep   6/50  m=0.75 f=1.33 -> missed_bin
  [w2]   ep   6/50  m=0.81 f=1.54 -> missed_bin
  [w3]   ep   6/50  m=0.72 f=2.86 -> missed_bin
  [w0]   ep   6/50  m=0.83 f=0.93 -> OK
  [w1]   ep   7/50  m=0.77 f=1.37 -> OK
  [w2]   ep   7/50  m=0.74 f=1.83 -> missed_bin
  [w3]   ep   7/50  m=0.76 f=2.83 -> OK
  [w0]   ep   7/50  m=0.86 f=0.89 -> OK
  [w1]   ep   8/50  m=0.75 f=1.05 -> OK
  [w2]   ep   8/50  m=0.83 f=1.67 -> missed_bin
  [w3]   ep   8/50  m=0.75 f=2.62 -> OK
  [w0]   ep   8/50  m=0.90 f=0.85 -> OK
  [w1]   ep   9/50  m=0.90 f=1.07 -> missed_bin
  [w2]   ep   9/50  m=0.74 f=1.71 -> missed_bin
  [w3]   ep   9/50  m=0.83 f=2.49 -> missed_bin
  [w0]   ep   9/50  m=0.78 f=0.85 -> OK
  [w1]   ep  10/50  m=0.76 f=1.14 -> missed_bin
  [w2]   ep  10/50  m=0.84 f=1.64 -> missed_bin
  [w3]   ep  10/50  m=0.88 f=2.77 -> missed_bin
  [w0]   ep  10/50  m=0.85 f=0.96 -> OK
  [w1]   ep  11/50  m=0.89 f=1.13 -> missed_bin
  [w2]   ep  11/50  m=0.81 f=1.67 -> missed_bin
  [w3]   ep  11/50  m=0.82 f=2.33 -> missed_bin
  [w0]   ep  11/50  m=0.85 f=1.00 -> OK
  [w1]   ep  12/50  m=0.76 f=1.30 -> missed_bin
  [w2]   ep  12/50  m=0.83 f=1.83 -> OK
  [w3]   ep  12/50  m=0.86 f=2.41 -> OK
  [w0]   ep  12/50  m=0.83 f=0.83 -> OK
  [w1]   ep  13/50  m=0.87 f=1.49 -> missed_bin
  [w2]   ep  13/50  m=0.81 f=1.69 -> OK
  [w3]   ep  13/50  m=0.79 f=2.68 -> missed_bin
  [w0]   ep  13/50  m=0.85 f=0.86 -> OK
  [w1]   ep  14/50  m=0.73 f=1.02 -> missed_bin
  [w3]   ep  14/50  m=0.83 f=2.58 -> missed_bin
  [w2]   ep  14/50  m=0.79 f=1.99 -> OK
  [w0]   ep  14/50  m=0.82 f=0.94 -> OK
  [w1]   ep  15/50  m=0.79 f=1.43 -> OK
  [w3]   ep  15/50  m=0.77 f=2.91 -> missed_bin
  [w2]   ep  15/50  m=0.70 f=1.72 -> missed_bin
  [w0]   ep  15/50  m=0.71 f=0.87 -> OK
  [w1]   ep  16/50  m=0.89 f=1.47 -> OK
  [w3]   ep  16/50  m=0.78 f=2.05 -> missed_bin
  [w2]   ep  16/50  m=0.77 f=1.77 -> OK
  [w0]   ep  16/50  m=0.81 f=0.99 -> OK
  [w1]   ep  17/50  m=0.90 f=1.20 -> OK
  [w3]   ep  17/50  m=0.88 f=3.00 -> OK
  [w2]   ep  17/50  m=0.89 f=1.58 -> missed_bin
  [w0]   ep  17/50  m=0.74 f=0.87 -> missed_bin
  [w1]   ep  18/50  m=0.74 f=1.23 -> missed_bin
  [w3]   ep  18/50  m=0.86 f=2.71 -> OK
  [w2]   ep  18/50  m=0.81 f=1.76 -> OK
  [w0]   ep  18/50  m=0.90 f=0.88 -> missed_bin
  [w1]   ep  19/50  m=0.85 f=1.11 -> OK
  [w3]   ep  19/50  m=0.85 f=2.27 -> missed_bin
  [w2]   ep  19/50  m=0.89 f=1.60 -> OK
  [w0]   ep  19/50  m=0.89 f=0.92 -> OK
  [w1]   ep  20/50  m=0.87 f=1.33 -> missed_bin
  [w3]   ep  20/50  m=0.78 f=2.31 -> OK
  [w2]   ep  20/50  m=0.79 f=1.77 -> OK
  [w0]   ep  20/50  m=0.75 f=0.94 -> OK
  [w1]   ep  21/50  m=0.75 f=1.31 -> OK
  [w3]   ep  21/50  m=0.73 f=2.80 -> OK
  [w2]   ep  21/50  m=0.85 f=1.92 -> missed_bin
  [w0]   ep  21/50  m=0.73 f=0.93 -> missed_bin
  [w1]   ep  22/50  m=0.70 f=1.20 -> OK
  [w3]   ep  22/50  m=0.81 f=2.59 -> missed_bin
  [w2]   ep  22/50  m=0.82 f=1.57 -> OK
  [w0]   ep  22/50  m=0.76 f=0.98 -> missed_bin
  [w1]   ep  23/50  m=0.75 f=1.19 -> missed_bin
  [w3]   ep  23/50  m=0.80 f=2.68 -> OK
  [w2]   ep  23/50  m=0.84 f=1.64 -> missed_bin
  [w0]   ep  23/50  m=0.76 f=0.82 -> OK
  [w1]   ep  24/50  m=0.80 f=1.14 -> OK
  [w3]   ep  24/50  m=0.90 f=2.46 -> missed_bin
  [w2]   ep  24/50  m=0.78 f=1.94 -> missed_bin
  [w0]   ep  24/50  m=0.89 f=0.97 -> missed_bin
  [w1]   ep  25/50  m=0.86 f=1.47 -> OK
  [w3]   ep  25/50  m=0.77 f=2.76 -> missed_bin
  [w2]   ep  25/50  m=0.82 f=1.60 -> missed_bin
  [w0]   ep  25/50  m=0.77 f=0.82 -> OK
  [w1]   ep  26/50  m=0.72 f=1.37 -> missed_bin
  [w3]   ep  26/50  m=0.81 f=2.23 -> OK
  [w2]   ep  26/50  m=0.82 f=1.60 -> OK
  [w0]   ep  26/50  m=0.71 f=0.94 -> OK
  [w1]   ep  27/50  m=0.79 f=1.31 -> OK
  [w3]   ep  27/50  m=0.75 f=2.81 -> OK
  [w2]   ep  27/50  m=0.87 f=1.58 -> OK
  [w0]   ep  27/50  m=0.71 f=0.88 -> OK
  [w1]   ep  28/50  m=0.82 f=1.31 -> OK
  [w3]   ep  28/50  m=0.74 f=2.16 -> missed_bin
  [w2]   ep  28/50  m=0.80 f=1.72 -> OK
  [w0]   ep  28/50  m=0.74 f=0.98 -> OK
  [w1]   ep  29/50  m=0.73 f=1.14 -> missed_bin
  [w2]   ep  29/50  m=0.75 f=1.63 -> missed_bin
  [w3]   ep  29/50  m=0.81 f=2.56 -> missed_bin
  [w0]   ep  29/50  m=0.76 f=0.96 -> OK
  [w1]   ep  30/50  m=0.85 f=1.05 -> missed_bin
  [w2]   ep  30/50  m=0.77 f=1.57 -> missed_bin
  [w3]   ep  30/50  m=0.79 f=2.15 -> missed_bin
  [w0]   ep  30/50  m=0.72 f=0.97 -> OK
  [w1]   ep  31/50  m=0.73 f=1.15 -> OK
  [w3]   ep  31/50  m=0.75 f=2.10 -> missed_bin
  [w2]   ep  31/50  m=0.82 f=1.95 -> OK
  [w0]   ep  31/50  m=0.75 f=0.94 -> OK
  [w1]   ep  32/50  m=0.83 f=1.26 -> missed_bin
  [w3]   ep  32/50  m=0.74 f=2.63 -> OK
  [w2]   ep  32/50  m=0.84 f=1.69 -> OK
  [w0]   ep  32/50  m=0.87 f=0.96 -> missed_bin
  [w1]   ep  33/50  m=0.89 f=1.13 -> OK
  [w3]   ep  33/50  m=0.77 f=2.28 -> OK
  [w2]   ep  33/50  m=0.76 f=1.73 -> OK
  [w0]   ep  33/50  m=0.85 f=0.92 -> missed_bin
  [w1]   ep  34/50  m=0.79 f=1.04 -> OK
  [w3]   ep  34/50  m=0.75 f=2.43 -> missed_bin
  [w2]   ep  34/50  m=0.85 f=1.65 -> OK
  [w0]   ep  34/50  m=0.80 f=0.84 -> OK
  [w1]   ep  35/50  m=0.87 f=1.38 -> OK
  [w3]   ep  35/50  m=0.76 f=2.68 -> missed_bin
  [w2]   ep  35/50  m=0.84 f=1.53 -> OK
  [w0]   ep  35/50  m=0.78 f=0.83 -> OK
  [w1]   ep  36/50  m=0.88 f=1.24 -> missed_bin
  [w3]   ep  36/50  m=0.80 f=2.65 -> missed_bin
  [w2]   ep  36/50  m=0.87 f=1.67 -> OK
  [w0]   ep  36/50  m=0.71 f=0.93 -> missed_bin
  [w1]   ep  37/50  m=0.74 f=1.32 -> OK
  [w3]   ep  37/50  m=0.73 f=2.83 -> missed_bin
  [w2]   ep  37/50  m=0.84 f=1.96 -> OK
  [w0]   ep  37/50  m=0.80 f=0.83 -> missed_bin
  [w1]   ep  38/50  m=0.81 f=1.45 -> missed_bin
  [w3]   ep  38/50  m=0.87 f=2.19 -> missed_bin
  [w2]   ep  38/50  m=0.83 f=1.83 -> OK
  [w0]   ep  38/50  m=0.79 f=0.90 -> OK
  [w1]   ep  39/50  m=0.83 f=1.31 -> OK
  [w3]   ep  39/50  m=0.85 f=2.02 -> OK
  [w2]   ep  39/50  m=0.80 f=1.87 -> missed_bin
  [w0]   ep  39/50  m=0.76 f=0.89 -> missed_bin
  [w1]   ep  40/50  m=0.90 f=1.27 -> OK
  [w3]   ep  40/50  m=0.83 f=2.23 -> missed_bin
  [w2]   ep  40/50  m=0.85 f=1.75 -> OK
  [w0]   ep  40/50  m=0.83 f=0.84 -> OK
  [w1]   ep  41/50  m=0.75 f=1.43 -> missed_bin
  [w3]   ep  41/50  m=0.80 f=2.38 -> OK
  [w2]   ep  41/50  m=0.84 f=1.80 -> missed_bin
  [w0]   ep  41/50  m=0.85 f=0.91 -> missed_bin
  [w1]   ep  42/50  m=0.71 f=1.38 -> OK
  [w3]   ep  42/50  m=0.83 f=2.02 -> missed_bin
  [w2]   ep  42/50  m=0.73 f=1.90 -> OK
  [w0]   ep  42/50  m=0.89 f=0.98 -> OK
  [w1]   ep  43/50  m=0.77 f=1.36 -> OK
  [w3]   ep  43/50  m=0.74 f=2.49 -> OK
  [w2]   ep  43/50  m=0.76 f=1.52 -> OK
  [w0]   ep  43/50  m=0.81 f=0.97 -> missed_bin
  [w1]   ep  44/50  m=0.85 f=1.46 -> OK
  [w3]   ep  44/50  m=0.72 f=2.38 -> OK
  [w2]   ep  44/50  m=0.76 f=1.57 -> OK
  [w0]   ep  44/50  m=0.89 f=0.83 -> missed_bin
  [w1]   ep  45/50  m=0.85 f=1.23 -> OK
  [w3]   ep  45/50  m=0.76 f=2.12 -> OK
  [w2]   ep  45/50  m=0.81 f=1.59 -> missed_bin
  [w0]   ep  45/50  m=0.86 f=0.97 -> missed_bin
  [w1]   ep  46/50  m=0.83 f=1.40 -> OK
  [w3]   ep  46/50  m=0.87 f=2.90 -> OK
  [w2]   ep  46/50  m=0.80 f=1.52 -> OK
  [w0]   ep  46/50  m=0.79 f=0.93 -> missed_bin
  [w1]   ep  47/50  m=0.86 f=1.02 -> OK
  [w3]   ep  47/50  m=0.76 f=2.18 -> OK
  [w2]   ep  47/50  m=0.75 f=1.97 -> missed_bin
  [w0]   ep  47/50  m=0.82 f=0.80 -> OK
  [w1]   ep  48/50  m=0.80 f=1.20 -> OK
  [w3]   ep  48/50  m=0.75 f=2.62 -> OK
  [w2]   ep  48/50  m=0.76 f=1.89 -> OK
  [w0]   ep  48/50  m=0.76 f=0.84 -> OK
  [w1]   ep  49/50  m=0.84 f=1.15 -> missed_bin
  [w3]   ep  49/50  m=0.80 f=2.90 -> missed_bin
  [w2]   ep  49/50  m=0.79 f=1.67 -> missed_bin
  [w0]   ep  49/50  m=0.84 f=0.97 -> missed_bin
  [w1]   ep  50/50  m=0.76 f=1.24 -> OK
  [w1]   => 31/50 = 62.0%  (335.7s)
  [w3]   ep  50/50  m=0.88 f=2.83 -> OK
  [w3]   => 23/50 = 46.0%  (335.7s)
  [w2]   ep  50/50  m=0.89 f=1.85 -> missed_bin
  [w2]   => 27/50 = 54.0%  (337.6s)
  [w0]   ep  50/50  m=0.81 f=0.98 -> OK
  [w0]   => 34/50 = 68.0%  (336.9s)
Episode log saved to /opt/IsaacSim/FactoryBench/ur5/pick_and_place/sweeps/mass_friction_20260319_093854/sweep_episodes.csv

Completed in 2072.6s total

========================================================================
SWEEP RESULTS
========================================================================
   Mass Range (kg)     Friction Range   Success   Total     Rate
------------------------------------------------------------------------
       [0.10-0.30]        [0.30-0.50]        43      50   86.0%
       [0.10-0.30]        [0.50-0.80]        43      50   86.0%
       [0.10-0.30]        [0.80-1.00]        39      50   78.0%
       [0.10-0.30]        [1.00-1.50]        31      50   62.0%
       [0.10-0.30]        [1.50-2.00]        35      50   70.0%
       [0.10-0.30]        [2.00-3.00]        24      50   48.0%
       [0.30-0.50]        [0.30-0.50]        39      50   78.0%
       [0.30-0.50]        [0.50-0.80]        41      50   82.0%
       [0.30-0.50]        [0.80-1.00]        33      50   66.0%
       [0.30-0.50]        [1.00-1.50]        40      50   80.0%
       [0.30-0.50]        [1.50-2.00]        27      50   54.0%
       [0.30-0.50]        [2.00-3.00]        23      50   46.0%
       [0.50-0.70]        [0.30-0.50]        43      50   86.0%
       [0.50-0.70]        [0.50-0.80]        33      50   66.0%
       [0.50-0.70]        [0.80-1.00]        36      50   72.0%
       [0.50-0.70]        [1.00-1.50]        30      50   60.0%
       [0.50-0.70]        [1.50-2.00]        32      50   64.0%
       [0.50-0.70]        [2.00-3.00]        24      50   48.0%
       [0.70-0.90]        [0.30-0.50]        38      50   76.0%
       [0.70-0.90]        [0.50-0.80]        40      50   80.0%
       [0.70-0.90]        [0.80-1.00]        34      50   68.0%
       [0.70-0.90]        [1.00-1.50]        31      50   62.0%
       [0.70-0.90]        [1.50-2.00]        27      50   54.0%
       [0.70-0.90]        [2.00-3.00]        23      50   46.0%
------------------------------------------------------------------------
Total cells: 24

Results saved to /opt/IsaacSim/FactoryBench/ur5/pick_and_place/sweeps/mass_friction_20260319_093854/sweep_results.csv
